// Jest Snapshot v1, https://goo.gl/fbAQLP

exports[`<Button /> renders component correctly 1`] = `
.c0 {
  text-align: center;
  background-color: #304ffe;
  padding: 10px 20px;
  border-radius: 8px;
  cursor: pointer;
}

.c0:hover {
  background-color: #1e40fe;
}

.c0:active {
  box-shadow: inset 5px 5px 10px rgba(0,0,0,0.2);
}

.c1 {
  color: #fff;
  font-size: 16px;
}

<div>
  <button
    class="c0"
  >
    <label
      class="c1"
    >
      Button Test
    </label>
  </button>
</div>
`;
